\BOOKMARK [0][-]{chapter*.1}{\376\377\000A\000v\000a\000n\000t\000-\000p\000r\000o\000p\000o\000s}{}% 1
\BOOKMARK [-1][-]{part.1}{\376\377\000I\000\040\000C\000e\000\040\000q\000u\000e\000\040\000l\000'\000i\000n\000s\000c\000r\000i\000t\000\040\000v\000o\000i\000t}{}% 2
\BOOKMARK [0][-]{chapter.1}{\376\377\000L\000e\000\040\000p\000r\000o\000b\000l\000\350\000m\000e\000\040\000p\000o\000s\000\351}{part.1}% 3
\BOOKMARK [1][-]{section.1.1}{\376\377\000D\000e\000u\000x\000\040\000h\000o\000r\000l\000o\000g\000e\000s\000\040\000q\000u\000i\000\040\000n\000e\000\040\000t\000o\000u\000r\000n\000e\000n\000t\000\040\000p\000a\000s\000\040\000\340\000\040\000l\000a\000\040\000m\000\352\000m\000e\000\040\000v\000i\000t\000e\000s\000s\000e}{chapter.1}% 4
\BOOKMARK [1][-]{section.1.2}{\376\377\000C\000e\000\040\000q\000u\000e\000\040\000l\000a\000\040\000n\000o\000t\000e\000\040\000d\000e\000m\000a\000n\000d\000e}{chapter.1}% 5
\BOOKMARK [1][-]{section.1.3}{\376\377\000L\000a\000\040\000r\000\351\000p\000o\000n\000s\000e\000\040\000r\000e\000t\000e\000n\000u\000e\000\040\000:\000\040\000d\000e\000u\000x\000\040\000m\000\351\000c\000a\000n\000i\000s\000m\000e\000s\000,\000\040\000j\000a\000m\000a\000i\000s\000\040\000c\000o\000n\000f\000o\000n\000d\000u\000s}{chapter.1}% 6
\BOOKMARK [0][-]{chapter.2}{\376\377\000E\000x\000p\000o\000r\000t\000e\000r\000\040\000u\000n\000e\000\040\000p\000\351\000r\000i\000o\000d\000e}{part.1}% 7
\BOOKMARK [1][-]{section.2.1}{\376\377\000L\000e\000\040\000p\000a\000r\000c\000o\000u\000r\000s}{chapter.2}% 8
\BOOKMARK [1][-]{section.2.2}{\376\377\000C\000e\000\040\000q\000u\000e\000\040\000c\000o\000n\000t\000i\000e\000n\000t\000\040\000l\000'\000a\000r\000c\000h\000i\000v\000e}{chapter.2}% 9
\BOOKMARK [1][-]{section.2.3}{\376\377\000L\000e\000s\000\040\000\351\000l\000\351\000m\000e\000n\000t\000s\000\040\000m\000a\000n\000q\000u\000a\000n\000t\000s}{chapter.2}% 10
\BOOKMARK [1][-]{section.2.4}{\376\377\000L\000e\000\040\000d\000\351\000p\000\364\000t\000\040\000s\000u\000r\000\040\000D\000r\000i\000v\000e}{chapter.2}% 11
\BOOKMARK [0][-]{chapter.3}{\376\377\000S\000a\000u\000v\000e\000g\000a\000r\000d\000e\000r\000\040\000e\000t\000\040\000r\000e\000s\000t\000a\000u\000r\000e\000r}{part.1}% 12
\BOOKMARK [1][-]{section.3.1}{\376\377\000C\000e\000\040\000q\000u\000i\000\040\000e\000s\000t\000\040\000s\000a\000u\000v\000e\000g\000a\000r\000d\000\351}{chapter.3}% 13
\BOOKMARK [1][-]{section.3.2}{\376\377\000O\000\371\000,\000\040\000e\000t\000\040\000s\000o\000u\000s\000\040\000q\000u\000e\000l\000l\000e\000\040\000f\000o\000r\000m\000e}{chapter.3}% 14
\BOOKMARK [1][-]{section.3.3}{\376\377\000D\000e\000u\000x\000\040\000s\000a\000u\000v\000e\000g\000a\000r\000d\000e\000s\000,\000\040\000j\000a\000m\000a\000i\000s\000\040\000u\000n\000e\000\040\000s\000e\000u\000l\000e}{chapter.3}% 15
\BOOKMARK [1][-]{section.3.4}{\376\377\000Q\000u\000a\000n\000d\000\040\000e\000l\000l\000e\000\040\000s\000e\000\040\000d\000\351\000c\000l\000e\000n\000c\000h\000e}{chapter.3}% 16
\BOOKMARK [1][-]{section.3.5}{\376\377\000Q\000u\000a\000n\000d\000\040\000e\000l\000l\000e\000\040\000\351\000c\000h\000o\000u\000e}{chapter.3}% 17
\BOOKMARK [1][-]{section.3.6}{\376\377\000L\000'\000i\000n\000s\000c\000r\000i\000t\000\040\000s\000a\000n\000s\000\040\000c\000o\000m\000p\000t\000e\000\040\000G\000o\000o\000g\000l\000e}{chapter.3}% 18
\BOOKMARK [1][-]{section.3.7}{\376\377\000L\000a\000\040\000r\000e\000s\000t\000a\000u\000r\000a\000t\000i\000o\000n\000\040\000s\000u\000r\000\040\000u\000n\000\040\000n\000o\000u\000v\000e\000a\000u\000\040\000t\000\351\000l\000\351\000p\000h\000o\000n\000e}{chapter.3}% 19
\BOOKMARK [1][-]{section.3.8}{\376\377\000S\000u\000p\000p\000r\000e\000s\000s\000i\000o\000n\000\040\000d\000u\000\040\000c\000o\000m\000p\000t\000e}{chapter.3}% 20
\BOOKMARK [-1][-]{part.2}{\376\377\000I\000I\000\040\000C\000o\000m\000m\000e\000n\000t\000\040\000o\000n\000\040\000l\000e\000\040\000c\000o\000n\000s\000t\000r\000u\000i\000t}{}% 21
\BOOKMARK [0][-]{chapter.4}{\376\377\000L\000e\000\040\000f\000o\000r\000m\000a\000t\000\040\000d\000'\000a\000r\000c\000h\000i\000v\000e}{part.2}% 22
\BOOKMARK [1][-]{section.4.1}{\376\377\000L\000e\000\040\000m\000a\000n\000i\000f\000e\000s\000t\000e}{chapter.4}% 23
\BOOKMARK [1][-]{section.4.2}{\376\377\000L\000'\000a\000s\000s\000e\000m\000b\000l\000a\000g\000e\000,\000\040\000e\000t\000\040\000p\000o\000u\000r\000q\000u\000o\000i\000\040\000i\000l\000\040\000n\000e\000\040\000c\000o\000m\000p\000r\000e\000s\000s\000e\000\040\000p\000a\000s}{chapter.4}% 24
\BOOKMARK [1][-]{section.4.3}{\376\377\000R\000e\000p\000r\000i\000s\000e\000\040\000a\000p\000r\000\350\000s\000\040\000i\000n\000t\000e\000r\000r\000u\000p\000t\000i\000o\000n}{chapter.4}% 25
\BOOKMARK [1][-]{section.4.4}{\376\377\000L\000e\000\040\000s\000e\000r\000v\000i\000c\000e\000\040\000d\000e\000\040\000p\000r\000e\000m\000i\000e\000r\000\040\000p\000l\000a\000n\000\040\000e\000t\000\040\000s\000a\000\040\000l\000i\000m\000i\000t\000e\000\040\000d\000e\000\040\000s\000i\000x\000\040\000h\000e\000u\000r\000e\000s}{chapter.4}% 26
\BOOKMARK [1][-]{section.4.5}{\376\377\000M\000e\000s\000u\000r\000e\000r\000\040\000a\000v\000a\000n\000t\000\040\000d\000'\000a\000n\000n\000o\000n\000c\000e\000r}{chapter.4}% 27
\BOOKMARK [0][-]{chapter.5}{\376\377\000L\000a\000\040\000s\000a\000u\000v\000e\000g\000a\000r\000d\000e}{part.2}% 28
\BOOKMARK [1][-]{section.5.1}{\376\377\000F\000a\000b\000r\000i\000q\000u\000e\000r\000\040\000l\000'\000i\000n\000s\000t\000a\000n\000t\000a\000n\000\351}{chapter.5}% 29
\BOOKMARK [1][-]{section.5.2}{\376\377\000L\000e\000\040\000t\000r\000i\000\040\000:\000\040\000c\000e\000\040\000q\000u\000i\000\040\000m\000o\000n\000t\000e\000,\000\040\000c\000e\000\040\000q\000u\000i\000\040\000r\000e\000s\000t\000e}{chapter.5}% 30
\BOOKMARK [2][-]{subsection.5.2.1}{\376\377\000L\000e\000s\000\040\000c\000o\000l\000o\000n\000n\000e\000s\000\040\000\340\000\040\000n\000e\000u\000t\000r\000a\000l\000i\000s\000e\000r}{section.5.2}% 31
\BOOKMARK [2][-]{subsection.5.2.2}{\376\377\000L\000e\000s\000\040\000p\000r\000\351\000f\000\351\000r\000e\000n\000c\000e\000s\000\040\000:\000\040\000u\000n\000e\000\040\000l\000i\000s\000t\000e\000\040\000b\000l\000a\000n\000c\000h\000e\000,\000\040\000j\000a\000m\000a\000i\000s\000\040\000u\000n\000e\000\040\000l\000i\000s\000t\000e\000\040\000n\000o\000i\000r\000e}{section.5.2}% 32
\BOOKMARK [2][-]{subsection.5.2.3}{\376\377\000L\000e\000\040\000g\000a\000r\000d\000e\000-\000f\000o\000u\000\040\000:\000\040\000u\000n\000\040\000t\000e\000s\000t\000\040\000q\000u\000i\000\040\000r\000e\000f\000u\000s\000e\000\040\000l\000e\000s\000\040\000c\000l\000\351\000s\000\040\000n\000o\000n\000\040\000c\000l\000a\000s\000s\000\351\000e\000s}{section.5.2}% 33
\BOOKMARK [1][-]{section.5.3}{\376\377\000L\000a\000\040\000c\000l\000\351\000,\000\040\000e\000t\000\040\000s\000o\000n\000\040\000n\000u\000m\000\351\000r\000o\000\040\000d\000e\000\040\000v\000e\000r\000s\000i\000o\000n}{chapter.5}% 34
\BOOKMARK [2][-]{subsection.5.3.1}{\376\377\000L\000e\000\040\000j\000o\000u\000r\000\040\000o\000\371\000\040\000l\000e\000\040\000s\000e\000c\000r\000e\000t\000\040\000d\000o\000i\000t\000\040\000t\000o\000u\000r\000n\000e\000r}{section.5.3}% 35
\BOOKMARK [2][-]{subsection.5.3.2}{\376\377\000D\000e\000u\000x\000\040\000p\000o\000i\000n\000t\000s\000\040\000d\000'\000a\000c\000c\000\350\000s\000,\000\040\000u\000n\000e\000\040\000t\000a\000b\000l\000e\000\040\000q\000u\000'\000o\000n\000\040\000n\000'\000e\000f\000f\000a\000c\000e\000\040\000j\000a\000m\000a\000i\000s}{section.5.3}% 36
\BOOKMARK [2][-]{subsection.5.3.3}{\376\377\000D\000e\000u\000x\000\040\000c\000o\000m\000p\000l\000\351\000m\000e\000n\000t\000s\000\040\000\340\000\040\000p\000o\000s\000e\000r\000\040\000e\000n\000\040\000m\000\352\000m\000e\000\040\000t\000e\000m\000p\000s}{section.5.3}% 37
\BOOKMARK [1][-]{section.5.4}{\376\377\000R\000a\000t\000t\000a\000c\000h\000e\000m\000e\000n\000t\000\040\000:\000\040\000u\000n\000\040\000D\000r\000i\000v\000e\000\040\000p\000a\000r\000\040\000c\000o\000m\000p\000t\000e\000\040\000A\000l\000a\000n\000y\000a}{chapter.5}% 38
\BOOKMARK [1][-]{section.5.5}{\376\377\000R\000e\000s\000t\000a\000u\000r\000e\000r\000\040\000u\000n\000e\000\040\000b\000a\000s\000e\000\040\000p\000l\000u\000s\000\040\000a\000n\000c\000i\000e\000n\000n\000e\000\040\000q\000u\000e\000\040\000l\000'\000a\000p\000p\000l\000i\000c\000a\000t\000i\000o\000n}{chapter.5}% 39
\BOOKMARK [0][-]{chapter.6}{\376\377\000L\000a\000\040\000r\000e\000s\000t\000a\000u\000r\000a\000t\000i\000o\000n}{part.2}% 40
\BOOKMARK [1][-]{section.6.1}{\376\377\000L\000e\000\040\000v\000r\000a\000i\000\040\000r\000i\000s\000q\000u\000e\000\040\000n\000'\000e\000s\000t\000\040\000p\000a\000s\000\040\000c\000e\000l\000u\000i\000\040\000q\000u\000'\000o\000n\000\040\000c\000r\000o\000i\000t}{chapter.6}% 41
\BOOKMARK [1][-]{section.6.2}{\376\377\000D\000e\000u\000x\000\040\000b\000o\000n\000n\000e\000s\000\040\000n\000o\000u\000v\000e\000l\000l\000e\000s\000\040\000d\000a\000n\000s\000\040\000l\000e\000\040\000c\000o\000d\000e\000\040\000e\000x\000i\000s\000t\000a\000n\000t}{chapter.6}% 42
\BOOKMARK [1][-]{section.6.3}{\376\377\000Q\000u\000a\000n\000d\000\040\000d\000e\000m\000a\000n\000d\000e\000-\000t\000-\000o\000n\000\040\000l\000e\000\040\000c\000o\000m\000p\000t\000e\000\040\000G\000o\000o\000g\000l\000e\000\040\000?}{chapter.6}% 43
\BOOKMARK [1][-]{section.6.4}{\376\377\000L\000a\000\040\000s\000o\000l\000u\000t\000i\000o\000n\000\040\000:\000\040\000u\000n\000\040\000o\000r\000d\000r\000e\000,\000\040\000p\000a\000s\000\040\000u\000n\000\040\000v\000e\000r\000r\000o\000u}{chapter.6}% 44
\BOOKMARK [1][-]{section.6.5}{\376\377\000L\000'\000\351\000t\000a\000t\000\040\000d\000e\000\040\000r\000e\000s\000t\000a\000u\000r\000a\000t\000i\000o\000n\000,\000\040\000e\000t\000\040\000p\000o\000u\000r\000q\000u\000o\000i\000\040\000i\000l\000\040\000e\000s\000t\000\040\000i\000n\000d\000i\000s\000p\000e\000n\000s\000a\000b\000l\000e}{chapter.6}% 45
\BOOKMARK [1][-]{section.6.6}{\376\377\000L\000e\000s\000\040\000c\000i\000n\000q\000\040\000r\000\351\000p\000\351\000t\000i\000t\000i\000o\000n\000s\000\040\000\340\000\040\000\351\000c\000r\000i\000r\000e\000\040\000a\000v\000a\000n\000t\000\040\000l\000e\000\040\000c\000o\000d\000e}{chapter.6}% 46
\BOOKMARK [2][-]{subsection.6.6.1}{\376\377\000C\000e\000s\000\040\000r\000\351\000p\000\351\000t\000i\000t\000i\000o\000n\000s\000\040\000i\000m\000p\000o\000s\000e\000n\000t\000\040\000u\000n\000e\000\040\000c\000o\000n\000t\000r\000a\000i\000n\000t\000e\000\040\000d\000'\000a\000r\000c\000h\000i\000t\000e\000c\000t\000u\000r\000e}{section.6.6}% 47
\BOOKMARK [0][-]{chapter.7}{\376\377\000C\000e\000\040\000q\000u\000i\000\040\000r\000e\000s\000t\000e\000\040\000\340\000\040\000l\000e\000v\000e\000r}{part.2}% 48
\BOOKMARK [1][-]{section.7.1}{\376\377\000L\000'\000i\000n\000c\000o\000n\000n\000u\000e\000\040\000q\000u\000i\000\040\000c\000o\000n\000d\000i\000t\000i\000o\000n\000n\000e\000\040\000l\000'\000a\000r\000c\000h\000i\000t\000e\000c\000t\000u\000r\000e}{chapter.7}% 49
\BOOKMARK [2][-]{subsection.7.1.1}{\376\377\000I\000s\000o\000l\000e\000r\000\040\000d\000'\000a\000b\000o\000r\000d}{section.7.1}% 50
\BOOKMARK [2][-]{subsection.7.1.2}{\376\377\000T\000e\000s\000t\000e\000r\000\040\000e\000n\000s\000u\000i\000t\000e\000\040\040\024\000\040\000e\000t\000\040\000d\000e\000u\000x\000\040\000v\000a\000r\000i\000a\000n\000t\000e\000s\000,\000\040\000j\000a\000m\000a\000i\000s\000\040\000u\000n\000e\000\040\000s\000e\000u\000l\000e}{section.7.1}% 51
\BOOKMARK [1][-]{section.7.2}{\376\377\000L\000e\000s\000\040\000p\000o\000i\000n\000t\000s\000\040\000d\000\351\000s\000o\000r\000m\000a\000i\000s\000\040\000t\000r\000a\000n\000c\000h\000\351\000s}{chapter.7}% 52
\BOOKMARK [0][-]{chapter.8}{\376\377\000I\000m\000p\000a\000c\000t\000\040\000s\000u\000r\000\040\000l\000e\000\040\000c\000o\000d\000e}{part.2}% 53
\BOOKMARK [1][-]{section.8.1}{\376\377\000C\000e\000\040\000q\000u\000i\000\040\000e\000x\000i\000s\000t\000e\000\040\000e\000t\000\040\000s\000e\000\040\000r\000\351\000u\000t\000i\000l\000i\000s\000e}{chapter.8}% 54
\BOOKMARK [1][-]{section.8.2}{\376\377\000C\000e\000\040\000q\000u\000'\000i\000l\000\040\000f\000a\000u\000t\000\040\000a\000j\000o\000u\000t\000e\000r}{chapter.8}% 55
\BOOKMARK [1][-]{section.8.3}{\376\377\000F\000i\000c\000h\000i\000e\000r\000s\000\040\000\340\000\040\000c\000r\000\351\000e\000r}{chapter.8}% 56
\BOOKMARK [1][-]{section.8.4}{\376\377\000C\000\364\000t\000\351\000\040\000s\000e\000r\000v\000e\000u\000r}{chapter.8}% 57
\BOOKMARK [0][-]{chapter.9}{\376\377\000D\000\351\000c\000i\000s\000i\000o\000n\000s\000\040\000a\000r\000r\000\352\000t\000\351\000e\000s}{part.2}% 58
\BOOKMARK [1][-]{section.9.1}{\376\377\000H\000o\000r\000s\000\040\000p\000\351\000r\000i\000m\000\350\000t\000r\000e\000\040\000d\000e\000\040\000c\000e\000\040\000l\000o\000t}{chapter.9}% 59
\BOOKMARK [1][-]{section.9.2}{\376\377\000D\000\351\000p\000e\000n\000d\000a\000n\000c\000e\000s\000\040\000:\000\040\000\351\000t\000a\000t\000\040\000r\000\351\000e\000l}{chapter.9}% 60
